// Jest Snapshot v1, https://goo.gl/fbAQLP

exports[`Color Mode Component Should render Color Mode 1`] = `
<button
  className="chakra-button css-oqfhsh"
  type="button"
>
  <svg
    className="chakra-icon css-onkibi"
    focusable={false}
    viewBox="0 0 24 24"
  >
    <g
      fill="none"
      stroke="currentColor"
      strokeLinecap="round"
      strokeLinejoin="round"
      strokeWidth="2"
    >
      <circle
        cx="12"
        cy="12"
        r="5"
      />
      <path
        d="M12 1v2"
      />
      <path
        d="M12 21v2"
      />
      <path
        d="M4.22 4.22l1.42 1.42"
      />
      <path
        d="M18.36 18.36l1.42 1.42"
      />
      <path
        d="M1 12h2"
      />
      <path
        d="M21 12h2"
      />
      <path
        d="M4.22 19.78l1.42-1.42"
      />
      <path
        d="M18.36 5.64l1.42-1.42"
      />
    </g>
  </svg>
</button>
`;
