// Jest Snapshot v1, https://goo.gl/fbAQLP

exports[`Layout Component Should render Layout 1`] = `null`;
